aqq@aaa:~/_A001/rep/ALINA_BE/server/srv/sewa/cert003/cert$ openssl -v
OpenSSL 3.5.5 27 Jan 2026 (Library: OpenSSL 3.5.5 27 Jan 2026)
qqq@aaa:~/_A001/rep/ALINA_BE/server/srv/sewa/cert003/cert$ 020.generate.sh
020.generate.sh: command not found
qqq@aaa:~/_A001/rep/ALINA_BE/server/srv/sewa/cert003/cert$ bash ./020.generate.sh
.....+.+..+....+.....+++++++++++++++++++++++++++++++++++++++*...+......+..................+...+....+++++++++++++++++++++++++++++++++++++++*..+....+........................+.........+......+.....+.......+...+.....+......+...+.............+...+......+........+...+...+......+.+............+..+..........+........+......+....+.....+.....................+.+......+..+.............+..+..........+......+.....+......+.+............+...........+....+.....+.+.....+.+.....+.+..............+...+...+...+.......+.....+....+......+...+.....+....+..+.+.................+..........+............+.....+...+......+......+...............+.+..+...+....+...+..+....+..+...+.......+...++++++
.........+....+...+..+.+.....+.........+...+...+.+......+.....+++++++++++++++++++++++++++++++++++++++*.....+....+...+..+.+......+.....+....+..+...+.........+.......+++++++++++++++++++++++++++++++++++++++*..+....+.....+.........+.............+..+...+...+.+......+...+..+.......+...+..............+.........+....+.....+......+.+...............+.........+..+...+...............+......+.+...+.........+..........................+..........+..+.........+...+............+....+......+.....+......+.........+......+...+......+.+.................+..........+...+..+.....................+......+...+...+.........+.+.........+...+..+.+.....+...+.........+.+..+.............+.....+...............+.+...+..+...+.......+........+..........+...........+....+......+.................+....++++++
-----
qqq@aaa:~/_A001/rep/ALINA_BE/server/srv/sewa/cert003/cert$ bash ./050.verify.sh
Could not open file or uri for loading certificate from fullchain.pem: No such file or directory
qqq@aaa:~/_A001/rep/ALINA_BE/server/srv/sewa/cert003/cert$ bash ./050.verify.sh
            X509v3 Subject Alternative Name:
                DNS:borg.home, DNS:a.borg.home, DNS:x.borg.home, DNS:zero.home, DNS:localhost, IP Address:127.0.0.1, IP Address:192.168.1.86, IP Address:172.17.0.1
qqq@aaa:~/_A001/rep/ALINA_BE/server/srv/sewa/cert003/cert$ bash ./060.trust.sh
[sudo: authenticate] Password:
Updating certificates in /etc/ssl/certs...
rehash: warning: skipping ca-certificates.crt, it does not contain exactly one certificate or CRL
1 added, 0 removed; done.
Running hooks in /etc/ca-certificates/update.d...
Processing triggers for ca-certificates-java (20260311)…
Adding debian:home-ca.pem
done.
done.
qqq@aaa:~/_A001/rep/ALINA_BE/server/srv/sewa/cert003/cert$
